// Jest Snapshot v1, https://goo.gl/fbAQLP

exports[`runs can use a FS backed system 1`] = `
Object {
  "entries": Array [
    Object {
      "hasAction": undefined,
      "insertText": undefined,
      "isPackageJsonImport": undefined,
      "isRecommended": undefined,
      "kind": "const",
      "kindModifiers": "export",
      "name": "bar",
      "replacementSpan": undefined,
      "sortText": "0",
      "source": undefined,
    },
  ],
  "isGlobalCompletion": false,
  "isMemberCompletion": true,
  "isNewIdentifierLocation": false,
}
`;
